<html>
<body>
<pre>
<h1>µVision Build Log</h1>
<h2>Project:</h2>
S:\COE718\MP\project.uvproj
Project File Date:  11/06/2018

<h2>Output:</h2>
Rebuild target 'LPC1700'
assembling startup_LPC17xx.s...
compiling system_LPC17xx.c...
compiling ADC.c...
compiling GLCD_SPI_LPC1700.c...
compiling IRQ.c...
compiling LED.c...
compiling KBD.c...
KBD.h(28): warning:  #1-D: last line of file ends without a newline
  #endif 
KBD.c(56): warning:  #1-D: last line of file ends without a newline
  }
KBD.c: 2 warnings, 0 errors
compiling adcuser.c...
compiling core_cm3.c...
compiling usbcore.c...
compiling usbdesc.c...
compiling usbdmain.c...
KBD.h(28): warning:  #1-D: last line of file ends without a newline
  #endif 
usbdmain.c(28): warning:  #1295-D: Deprecated declaration mainMenu - give arg types
  extern void mainMenu();
usbdmain.c(187): warning:  #940-D: missing return statement at end of non-void function "audio"
        }
usbdmain.c: 3 warnings, 0 errors
compiling usbhw.c...
compiling usbuser.c...
compiling project.c...
KBD.h(28): warning:  #1-D: last line of file ends without a newline
  #endif 
project.c(35): warning:  #1295-D: Deprecated declaration mainMenu - give arg types
  void mainMenu();
project.c(36): warning:  #1295-D: Deprecated declaration mp3 - give arg types
  void mp3();
project.c(37): warning:  #1295-D: Deprecated declaration PhotoGallery - give arg types
  void PhotoGallery();
project.c(38): warning:  #1295-D: Deprecated declaration game - give arg types
  void game();
project.c(39): warning:  #1295-D: Deprecated declaration makeLane - give arg types
  void makeLane();
project.c(40): warning:  #1295-D: Deprecated declaration makeTaxis - give arg types
  void makeTaxis();
project.c(61): warning:  #223-D: function "audio" declared implicitly
        audio();
project.c: 8 warnings, 0 errors
linking...
Program Size: Code=13680 RO-data=441656 RW-data=180 ZI-data=1292  
".\project.axf" - 0 Error(s), 13 Warning(s).
Load "S:\\COE718\\MP\\project.axf" 
Erase Done.
Programming Done.
Verify OK.
Load "S:\\COE718\\MP\\project.axf" 
Erase Failed!
Error: Flash Download failed  -  "Cortex-M3"
Load "S:\\COE718\\MP\\project.axf" 
Erase Done.
Programming Done.
Verify OK.
MP\\project.axf" 
Erase Done.
Programming Done.
Verify OK.
